mov DWORD PTR [ebp-4], 0 # int a
mov DWORD PTR [ebp-8], 0 # int b
mov DWORD PTR [ebp-12], 0 # int d
mov DWORD PTR [ebp-4], 1 # a = 1
mov DWORD PTR [ebp-8], 2 # b = 2
mov eax, DWORD PTR [ebp-4] # d = a + b
push eax
mov eax, DWORD PTR [ebp-8]
push eax
pop ebx
pop eax
add eax, ebx
push eax
pop eax
mov DWORD PTR [ebp-12], eax
mov eax, DWORD PTR [ebp-12] # return d